

The most similar command is
        remote-https

gamer@LAPTOP-R3OPQ0IK MINGW64 ~/LPE_2023/LPE_2023 (4_Octubre_2023)
$



$ ^C



gamer@LAPTOP-R3OPQ0IK MINGW64 ~/LPE_2023/LPE_2023 (4_Octubre_2023)
$
$ ^V
$ ^V^?
$ ^V
$
$ git
$ git clone
$ git clone http:
$ git clone http
$ git clone htt
$ git clone ht
$ git clone h
$ git clone
$ git clone remote-http
$ git clone remote-htt
$ git clone remote-ht
$ git clone remote-h
$ git clone remote-
$ git clone remote
$ git clone remot
$ git clone remo
$ git clone rem
$ git clone re
$ git clone r
$ git clone
$ git clone https:/github.com/LiviaGH13/Prueba6OCT
Cloning into 'Prueba6OCT'...
ssh: Could not resolve hostname https: Name or service not known
fatal: Could not read from remote repository.

Please make sure you have the correct access rights
and the repository exists.

gamer@LAPTOP-R3OPQ0IK MINGW64 ~/LPE_2023/LPE_2023 (4_Octubre_2023)

gamer@LAPTOP-R3OPQ0IK MINGW64 ~/LPE_2023/LPE_2023 (4_Octubre_202
3)
$
$ clear






gamer@LAPTOP-R3OPQ0IK MINGW64 ~/LPE_2023/LPE_2023 (4_Octubre_202
3)
$


$ s


$ su


$ sud


$ sudo


$ sudo m


$ sudo mk


$ sudo mkd


$ sudo mkdi


$ sudo mkdir


$ sudo mkdir /


$ sudo mkdir /P


$ sudo mkdir /Pr


$ sudo mkdir /Pru


$ sudo mkdir /Prue


$ sudo mkdir /Prueb


$ sudo mkdir /Prueba


$ sudo mkdir /Prueba6


$ sudo mkdir /Prueba6o


$ sudo mkdir /Prueba6oc


$ sudo mkdir /Prueba6oct


bash: sudo: command not found

gamer@LAPTOP-R3OPQ0IK MINGW64 ~/LPE_2023/LPE_2023 (4_Octubre_202
3)
$
$ mkdir
$ mkdir prueba6oct

gamer@LAPTOP-R3OPQ0IK MINGW64 ~/LPE_2023/LPE_2023 (4_Octubre_202
3)
$
$ cd
$ cd prueba6oct

gamer@LAPTOP-R3OPQ0IK MINGW64 ~/LPE_2023/LPE_2023/prueba6oct (4_
Octubre_2023)
$
$ st
$ sst
$ ss
$ setwd()
$ setwd("/pre
$ setwd("/prueba6oct")
bash: syntax error near unexpected token `"/prueba6oct"'

gamer@LAPTOP-R3OPQ0IK MINGW64 ~/LPE_2023/LPE_2023/prueba6oct (4_
Octubre_2023)
$
$ st
$ setwd("prueba6oct")
bash: syntax error near unexpected token `"prueba6oct"'

gamer@LAPTOP-R3OPQ0IK MINGW64 ~/LPE_2023/LPE_2023/prueba6oct (4_
Octubre_2023)
$
gamer@LAPTOP-R3OPQ0IK MINGW64 ~/LPE_2023/LPE_2023/prueba6oct (4_Octubre_2023)
$ setwd("/prueba6oct")
bash: syntax error near unexpected token `"/prueba6oct"'

gamer@LAPTOP-R3OPQ0IK MINGW64 ~/LPE_2023/LPE_2023/prueba6oct (4_Octubre_2023)
$ setwd("prueba6oct")
bash: syntax error near unexpected token `"prueba6oct"'

gamer@LAPTOP-R3OPQ0IK MINGW64 ~/LPE_2023/LPE_2023/prueba6oct (4_Octubre_2023)
$




$ g




$ ge




$ get




$ getw




$ getwd




$ getwd(




$ getwd("




$ getwd("p




$ getwd("pr




$ getwd("pru




$ getwd("prue




$ getwd("prueb




$ getwd("prueba




$ getwd("prueb




$ getwd("prue




$ getwd("pru




$ getwd("pr




$ getwd("p




$ getwd("




$ getwd(




$ getwd




$ getw




$ get




$ ge




$ g




$




$ s




$ se




$ set




$ setw




$ setwd




$ setwd p




$ setwd pr




$ setwd pru




$ setwd prue




$ setwd prueb




$ setwd prueba




$ setwd prueba6




$ setwd prueba6o




$ setwd prueba6oc




$ setwd prueba6oct




bash: setwd: command not found



gamer@LAPTOP-R3OPQ0IK MINGW64 ~/LPE_2023/LPE_2023/prueba6oct (4_Octubre_2023)
$
$ st
$ setwd
$ setwd /prueba6oct
bash: setwd: command not found

gamer@LAPTOP-R3OPQ0IK MINGW64 ~/LPE_2023/LPE_2023/prueba6oct (4_Octubre_2023)
$
$ setwd
bash: setwd: command not found

gamer@LAPTOP-R3OPQ0IK MINGW64 ~/LPE_2023/LPE_2023/prueba6oct (4_Octubre_2023)
$
$ setwdset
$ setwdse
$ setwds
$ setwd
$ setwd()
$ setwd(C)
$ setwd(C:)
$ setwd(C:/)
$ setwd(C:/p)
$ setwd(C:/pr)
$ setwd(C:/pru)
$ setwd(C:/prue)
$ setwd(C:/prueb)
$ setwd(C:/prueba)
$ setwd(C:/prueba6)
$ setwd(C:/prueba6o)
$ setwd(C:/prueba6oc)
$ setwd(C:/prueba6oct)
bash: syntax error near unexpected token `C:/prueba6oct'

gamer@LAPTOP-R3OPQ0IK MINGW64 ~/LPE_2023/LPE_2023/prueba6oct (4_Octubre_2023)
$
$ setwd("C:/prueba6oct")
bash: syntax error near unexpected token `"C:/prueba6oct"'

gamer@LAPTOP-R3OPQ0IK MINGW64 ~/LPE_2023/LPE_2023/prueba6oct (4_Octubre_2023)
$
$ set
$ set "working
$ set "working directory"

gamer@LAPTOP-R3OPQ0IK MINGW64 ~/LPE_2023/LPE_2023/prueba6oct (4_Octubre_2023)
$
$ mkdir
$ mkdir exp_22062293
$ mkdir exp_2206229
$ mkdir exp_220622
$ mkdir exp_22062
$ mkdir exp_2206
$ mkdir exp_220
$ mkdir exp_22
$ mkdir exp_2
$ mkdir exp_
$ mkdir exp
$ mkdir ex
$ mkdir e
$ mkdir
$ mkdir lep22062293

gamer@LAPTOP-R3OPQ0IK MINGW64 ~/LPE_2023/LPE_2023/prueba6oct (4_Octubre_2023)
$
$ cd
$ cd ..

gamer@LAPTOP-R3OPQ0IK MINGW64 ~/LPE_2023/LPE_2023 (4_Octubre_2023)
$
$ cd..
bash: cd..: command not found

gamer@LAPTOP-R3OPQ0IK MINGW64 ~/LPE_2023/LPE_2023 (4_Octubre_2023)
$
$ cd
$ cd lep22062293
bash: cd: lep22062293: No such file or directory

gamer@LAPTOP-R3OPQ0IK MINGW64 ~/LPE_2023/LPE_2023 (4_Octubre_2023)
$
$ mkdir
$ mkdir lep22062293

gamer@LAPTOP-R3OPQ0IK MINGW64 ~/LPE_2023/LPE_2023 (4_Octubre_2023)
$
$ cd
$ cd lep22062293

gamer@LAPTOP-R3OPQ0IK MINGW64 ~/LPE_2023/LPE_2023/lep22062293 (4_Octubre_2023)
$
$ ^V^V^V
$ ^V^V
$ ^V
$
$ kaggle datasets list -s gas
bash: kaggle: command not found

gamer@LAPTOP-R3OPQ0IK MINGW64 ~/LPE_2023/LPE_2023/lep22062293 (pregunta1)
$
$ kaggle
bash: kaggle: command not found

gamer@LAPTOP-R3OPQ0IK MINGW64 ~/LPE_2023/LPE_2023/lep22062293 (pregunta1)
$
$ pip
$ pip install
$ pip install kaggle
Collecting kaggle
  Downloading kaggle-1.5.16.tar.gz (83 kB)
     |████████████████                | 40 kB 2.6 MB/s eta 0:00:01
     |████████████████████████████████| 83 kB 3.0 MB/s
Requirement already satisfied: six>=1.10 in c:\users\gamer\anaconda\lib\site-packages (from kaggle) (1.16.0)
Requirement already satisfied: certifi in c:\users\gamer\anaconda\lib\site-packages (from kaggle) (2023.5.7)
Requirement already satisfied: python-dateutil in c:\users\gamer\anaconda\lib\site-packages (from kaggle) (2.8.2)
Requirement already satisfied: requests in c:\users\gamer\anaconda\lib\site-packages (from kaggle) (2.27.1)
Requirement already satisfied: tqdm in c:\users\gamer\anaconda\lib\site-packages (from kaggle) (4.64.0)
Requirement already satisfied: python-slugify in c:\users\gamer\anaconda\lib\site-packages (from kaggle) (5.0.2)
Requirement already satisfied: urllib3 in c:\users\gamer\anaconda\lib\site-packages (from kaggle) (1.26.9)
Requirement already satisfied: bleach in c:\users\gamer\anaconda\lib\site-packages (from kaggle) (4.1.0)
Requirement already satisfied: webencodings in c:\users\gamer\anaconda\lib\site-packages (from bleach->kaggle) (0.5.1)
Requirement already satisfied: packaging in c:\users\gamer\anaconda\lib\site-packages (from bleach->kaggle) (21.3)
Requirement already satisfied: pyparsing!=3.0.5,>=2.0.2 in c:\users\gamer\anaconda\lib\site-packages (from packaging->bleach->kaggle) (
3.0.4)
Requirement already satisfied: text-unidecode>=1.3 in c:\users\gamer\anaconda\lib\site-packages (from python-slugify->kaggle) (1.3)
Requirement already satisfied: charset-normalizer~=2.0.0 in c:\users\gamer\anaconda\lib\site-packages (from requests->kaggle) (2.0.4)
Requirement already satisfied: idna<4,>=2.5 in c:\users\gamer\anaconda\lib\site-packages (from requests->kaggle) (3.3)
Requirement already satisfied: colorama in c:\users\gamer\anaconda\lib\site-packages (from tqdm->kaggle) (0.4.4)
Building wheels for collected packages: kaggle
  Building wheel for kaggle (setup.py) ... -
  Building wheel for kaggle (setup.py) ... \
  Building wheel for kaggle (setup.py) ... |
  Building wheel for kaggle (setup.py) ... /
  Building wheel for kaggle (setup.py) ... -
  Building wheel for kaggle (setup.py) ... \
  Building wheel for kaggle (setup.py) ... |
  Building wheel for kaggle (setup.py) ... /
  Building wheel for kaggle (setup.py) ... -
  Building wheel for kaggle (setup.py) ... \
  Building wheel for kaggle (setup.py) ... |
  Building wheel for kaggle (setup.py) ... /
  Building wheel for kaggle (setup.py) ... -
  Building wheel for kaggle (setup.py) ... \
  Building wheel for kaggle (setup.py) ... |
  Building wheel for kaggle (setup.py) ... /
  Building wheel for kaggle (setup.py) ... -
  Building wheel for kaggle (setup.py) ... \
  Building wheel for kaggle (setup.py) ... |
  Building wheel for kaggle (setup.py) ... /
  Building wheel for kaggle (setup.py) ... done
  Created wheel for kaggle: filename=kaggle-1.5.16-py3-none-any.whl size=110700 sha256=93e7dd1b1a5a4caadd465713aedcbc50962d7ffc8f48799c
0fbf2a831f8e38a2
  Stored in directory: c:\users\gamer\appdata\local\pip\cache\wheels\d2\ed\a5\da3a0cfb13373d1ace41cafa4f2467d858c55c52473ba72799
Successfully built kaggle
Installing collected packages: kaggle
Successfully installed kaggle-1.5.16

gamer@LAPTOP-R3OPQ0IK MINGW64 ~/LPE_2023/LPE_2023/lep22062293 (pregunta1)
$ kaggle
$ kaggle dataset
$ kaggle dataset list/
$ kaggle dataset list-
$ kaggle dataset list
$ kaggle dataset list -
$ kaggle dataset list - s
$ kaggle dataset list -
$ kaggle dataset list - r
$ kaggle dataset list -
$ kaggle dataset list - s
$ kaggle dataset list -
$ kaggle dataset list -s
$ kaggle dataset list -s  g
$ kaggle dataset list -s
$ kaggle dataset list -s gas
Traceback (most recent call last):
  File "C:\Users\gamer\anaconda\lib\runpy.py", line 197, in _run_module_as_main
    return _run_code(code, main_globals, None,
  File "C:\Users\gamer\anaconda\lib\runpy.py", line 87, in _run_code
    exec(code, run_globals)
  File "C:\Users\gamer\anaconda\Scripts\kaggle.exe\__main__.py", line 4, in <module>
  File "C:\Users\gamer\anaconda\lib\site-packages\kaggle\__init__.py", line 23, in <module>
    api.authenticate()
  File "C:\Users\gamer\anaconda\lib\site-packages\kaggle\api\kaggle_api_extended.py", line 403, in authenticate
    raise IOError('Could not find {}. Make sure it\'s located in'
OSError: Could not find kaggle.json. Make sure it's located in C:\Users\gamer\.kaggle. Or use the environment method.

gamer@LAPTOP-R3OPQ0IK MINGW64 ~/LPE_2023/LPE_2023/lep22062293 (pregunta1)
$
$ kaggle datasets list -s gas
ref                                                        title                                                 size  lastUpdated
     downloadCount  voteCount  usabilityRating
---------------------------------------------------------  --------------------------------------------------  ------  ----------------
---  -------------  ---------  ---------------
matheusfreitag/gas-prices-in-brazil                        Gas Prices in Brazil                                   3MB  2022-03-11 18:03
:57          16981        399  1.0
zusmani/petrolgas-prices-worldwide                         Petrol/Gas Prices Worldwide                           10KB  2022-06-24 01:25
:33           5695        165  1.0
unitednations/international-greenhouse-gas-emissions       International Greenhouse Gas Emissions               107KB  2017-11-16 17:38
:34           7202        118  0.7058824
mruanova/us-gasoline-and-diesel-retail-prices-19952021     U.S. Gasoline and Diesel Retail Prices 1995-2021      38KB  2021-02-01 07:17
:50           5589        147  1.0
uciml/gas-sensor-array-under-dynamic-gas-mixtures          Gas sensor array under dynamic gas mixtures          720MB  2017-11-01 22:22
:11           1651         70  0.75
tunguz/natural-gas-prices                                  Natural Gas Prices                                    36KB  2021-03-30 13:46
:57            937         24  1.0
lucabasa/dutch-energy                                      Energy consumption of the Netherlands                139MB  2020-06-21 18:51
:28         109234        333  0.9411765
mpwolke/cusersmarildownloadsdioxidecsv                     Gas emissions (CO2-e) by transport sector.            945B  2020-01-17 14:47
:41           1736        117  1.0
ashishraut64/global-methane-emissions                      Global Emissions.                                     31KB  2023-03-27 09:02
:51           4889         84  1.0
michaelbryantds/greenhouse-gas-emissions-dataset           Greenhouse Gas Emissions Dataset                       2GB  2022-11-16 17:18
:11            894         39  0.8235294
psycon/historical-natural-gas-data-from-2000-to-202204     Daily Natural Gas Historical  Data 12.2022            85KB  2022-12-31 08:08
:22            469         70  1.0
tunguz/estimated-gasoline-sales                            Estimated New York  Gasoline Sales                     8KB  2021-04-24 11:11
:44            417         28  1.0
mrmorj/fraud-detection-in-electricity-and-gas-consumption  Fraud Detection in Electricity and Gas Consumption    87MB  2020-08-24 12:29
:16           2016         48  0.7941176
garystafford/environmental-sensor-data-132k                Environmental Sensor Telemetry Data                    7MB  2020-07-20 17:18
:10           5383         93  1.0
raspberrypie/oil-and-gas                                   Oil and Gas                                         1012KB  2017-12-13 21:04
:41           4226         91  0.64705884
janheindejong/greenhouse-gas-emissions-in-the-netherlands  Greenhouse gas emissions in the Netherlands           26KB  2019-01-23 08:37
:36           1358         29  0.85294116
prasertk/historical-daily-oil-and-natural-gas-prices       historical daily oil and natural gas prices          350KB  2022-06-18 04:53
:48            875         41  1.0
sjagkoo7/fuel-gas-emission                                 Fuel Gas Emission                                    227KB  2023-07-21 18:11
:52             62          9  0.9411765
stefancomanita/gasoline-and-diesel-prices-in-romania       Gasoline and Diesel Prices in Romania                  6KB  2023-03-13 22:19
:33            394         25  1.0
guillemservera/fuels-futures-data                          Oil, Gas & Other Fuels Futures Data                    1MB  2023-10-06 04:03
:50            939         30  1.0

gamer@LAPTOP-R3OPQ0IK MINGW64 ~/LPE_2023/LPE_2023/lep22062293 (pregunta1)
$
$ kaggle_download(dataset = "nombre_del_conjunto_de_datos_o_competición", file = "nombre_del_archivo_a_descargar.csv", path = "director
io_de_destino")kaggle_download(dataset = "nombre_del_conjunto_de_datos_o_competición", file = "nombre_del_archivo_a_descargar.csv", pat
h = "directorio_de_destino")
h = "directorio_de_destino"
h = "directorio_de_destino
h = "directorio_de_destin
h = "directorio_de_desti
h = "directorio_de_dest
h = "directorio_de_des
h = "directorio_de_d
h = "directorio_de_
h = "directorio_de
h = "directorio_
h = "directorio
h = "directori
h = "director
h = "direct
h = "direc
h = "dire
h = "dir
h = "di
h = "
h =
h


io_de_destino")kaggle_download(dataset = "nombre_del_conjunto_de_datos_o_competición", file = "nombre_del_archivo_a_descargar.csv", p


io_de_destino")kaggle_download(dataset = "nombre_del_conjunto_de_datos_o_competición", file = "nombre_del_archivo_a_descargar.csv",


io_de_destino")kaggle_download(dataset = "nombre_del_conjunto_de_datos_o_competición", file = "nombre_del_archivo_a_descargar.csv"


io_de_destino")kaggle_download(dataset = "nombre_del_conjunto_de_datos_o_competición", file = "nombre_del_archivo_a_descargar.cs


io_de_destino")kaggle_download(dataset = "nombre_del_conjunto_de_datos_o_competición", file = "nombre_del_archivo_a_descargar.c


io_de_destino")kaggle_download(dataset = "nombre_del_conjunto_de_datos_o_competición", file = "nombre_del_archivo_a_descargar.


io_de_destino")kaggle_download(dataset = "nombre_del_conjunto_de_datos_o_competición", file = "nombre_del_archivo_a_descargar


io_de_destino")kaggle_download(dataset = "nombre_del_conjunto_de_datos_o_competición", file = "nombre_del_archivo_a_descarga


io_de_destino")kaggle_download(dataset = "nombre_del_conjunto_de_datos_o_competición", file = "nombre_del_archivo_a_descarg


io_de_destino")kaggle_download(dataset = "nombre_del_conjunto_de_datos_o_competición", file = "nombre_del_archivo_a_desca


io_de_destino")kaggle_download(dataset = "nombre_del_conjunto_de_datos_o_competición", file = "nombre_del_archivo_a_desc


io_de_destino")kaggle_download(dataset = "nombre_del_conjunto_de_datos_o_competición", file = "nombre_del_archivo_a_des


io_de_destino")kaggle_download(dataset = "nombre_del_conjunto_de_datos_o_competición", file = "nombre_del_archivo_a_d


io_de_destino")kaggle_download(dataset = "nombre_del_conjunto_de_datos_o_competición", file = "nombre_del_archivo_a_


io_de_destino")kaggle_download(dataset = "nombre_del_conjunto_de_datos_o_competición", file = "nombre_del_archivo_


io_de_destino")kaggle_download(dataset = "nombre_del_conjunto_de_datos_o_competición", file = "nombre_del_archivo


io_de_destino")kaggle_download(dataset = "nombre_del_conjunto_de_datos_o_competición", file = "nombre_del_archiv


io_de_destino")kaggle_download(dataset = "nombre_del_conjunto_de_datos_o_competición", file = "nombre_del_archi


io_de_destino")kaggle_download(dataset = "nombre_del_conjunto_de_datos_o_competición", file = "nombre_del_arc


io_de_destino")kaggle_download(dataset = "nombre_del_conjunto_de_datos_o_competición", file = "nombre_del_ar


io_de_destino")kaggle_download(dataset = "nombre_del_conjunto_de_datos_o_competición", file = "nombre_del_a


io_de_destino")kaggle_download(dataset = "nombre_del_conjunto_de_datos_o_competición", file = "nombre_del_


io_de_destino")kaggle_download(dataset = "nombre_del_conjunto_de_datos_o_competición", file = "nombre_del


io_de_destino")kaggle_download(dataset = "nombre_del_conjunto_de_datos_o_competición", file = "nombre_de


io_de_destino")kaggle_download(dataset = "nombre_del_conjunto_de_datos_o_competición", file = "nombre_d


io_de_destino")kaggle_download(dataset = "nombre_del_conjunto_de_datos_o_competición", file = "nombre_


io_de_destino")kaggle_download(dataset = "nombre_del_conjunto_de_datos_o_competición", file = "nombre


io_de_destino")kaggle_download(dataset = "nombre_del_conjunto_de_datos_o_competición", file = "nombr


io_de_destino")kaggle_download(dataset = "nombre_del_conjunto_de_datos_o_competición", file = "nomb


io_de_destino")kaggle_download(dataset = "nombre_del_conjunto_de_datos_o_competición", file = "nom


io_de_destino")kaggle_download(dataset = "nombre_del_conjunto_de_datos_o_competición", file = "no


io_de_destino")kaggle_download(dataset = "nombre_del_conjunto_de_datos_o_competición", file = "n


io_de_destino")kaggle_download(dataset = "nombre_del_conjunto_de_datos_o_competición", file = "


io_de_destino")kaggle_download(dataset = "nombre_del_conjunto_de_datos_o_competición", file =


io_de_destino")kaggle_download(dataset = "nombre_del_conjunto_de_datos_o_competición", file


io_de_destino")kaggle_download(dataset = "nombre_del_conjunto_de_datos_o_competición", fil


io_de_destino")kaggle_download(dataset = "nombre_del_conjunto_de_datos_o_competición", fi


io_de_destino")kaggle_download(dataset = "nombre_del_conjunto_de_datos_o_competición", f


io_de_destino")kaggle_download(dataset = "nombre_del_conjunto_de_datos_o_competición",


io_de_destino")kaggle_download(dataset = "nombre_del_conjunto_de_datos_o_competición"


io_de_destino")kaggle_download(dataset = "nombre_del_conjunto_de_datos_o_competición


io_de_destino")kaggle_download(dataset = "nombre_del_conjunto_de_datos_o_competició


io_de_destino")kaggle_download(dataset = "nombre_del_conjunto_de_datos_o_competici


io_de_destino")kaggle_download(dataset = "nombre_del_conjunto_de_datos_o_competic


io_de_destino")kaggle_download(dataset = "nombre_del_conjunto_de_datos_o_competi


io_de_destino")kaggle_download(dataset = "nombre_del_conjunto_de_datos_o_compet


io_de_destino")kaggle_download(dataset = "nombre_del_conjunto_de_datos_o_compe


io_de_destino")kaggle_download(dataset = "nombre_del_conjunto_de_datos_o_comp


io_de_destino")kaggle_download(dataset = "nombre_del_conjunto_de_datos_o_com


io_de_destino")kaggle_download(dataset = "nombre_del_conjunto_de_datos_o_c


io_de_destino")kaggle_download(dataset = "nombre_del_conjunto_de_datos_o_


io_de_destino")kaggle_download(dataset = "nombre_del_conjunto_de_datos_o


io_de_destino")kaggle_download(dataset = "nombre_del_conjunto_de_datos_


io_de_destino")kaggle_download(dataset = "nombre_del_conjunto_de_datos


io_de_destino")kaggle_download(dataset = "nombre_del_conjunto_de_dato


io_de_destino")kaggle_download(dataset = "nombre_del_conjunto_de_dat


io_de_destino")kaggle_download(dataset = "nombre_del_conjunto_de_da


io_de_destino")kaggle_download(dataset = "nombre_del_conjunto_de_d


io_de_destino")kaggle_download(dataset = "nombre_del_conjunto_de


io_de_destino")kaggle_download(dataset = "nombre_del_conjunto_d


io_de_destino")kaggle_download(dataset = "nombre_del_conjunto_


io_de_destino")kaggle_download(dataset = "nombre_del_conjunto


io_de_destino")kaggle_download(dataset = "nombre_del_conjunt


io_de_destino")kaggle_download(dataset = "nombre_del_conjun


io_de_destino")kaggle_download(dataset = "nombre_del_conju


io_de_destino")kaggle_download(dataset = "nombre_del_conj


io_de_destino")kaggle_download(dataset = "nombre_del_con


io_de_destino")kaggle_download(dataset = "nombre_del_c


io_de_destino")kaggle_download(dataset = "nombre_del_


io_de_destino")kaggle_download(dataset = "nombre_de


io_de_destino")kaggle_download(dataset = "nombre_d


io_de_destino")kaggle_download(dataset = "nombre_


io_de_destino")kaggle_download(dataset = "nombre


io_de_destino")kaggle_download(dataset = "nombr


io_de_destino")kaggle_download(dataset = "nomb


io_de_destino")kaggle_download(dataset = "nom


io_de_destino")kaggle_download(dataset = "no


io_de_destino")kaggle_download(dataset = "n


io_de_destino")kaggle_download(dataset = "


io_de_destino")kaggle_download(dataset =


io_de_destino")kaggle_download(dataset


io_de_destino")kaggle_download(datase


io_de_destino")kaggle_download(datas


io_de_destino")kaggle_download(data


io_de_destino")kaggle_download(dat


io_de_destino")kaggle_download(da


io_de_destino")kaggle_download(


io_de_destino")kaggle_downloa


io_de_destino")kaggle_downl


io_de_destino")kaggle_down


io_de_destino")kaggle_dow


io_de_destino")kaggle_d


io_de_destino")kaggle


io_de_destino")kaggl


io_de_destino")kagg


io_de_destino")ka


io_de_destino")k


io_de_destino")


io_de_destino"


io_de_destino


io_de_destin


io_de_desti


io_de_dest


io_de_des


io_de_de


io_de_d


io_de_


io_d


io_


io


i





$ kaggle_download(dataset = "nombre_del_conjunto_de_datos_o_competición", file = "nombre_del_archivo_a_descargar.csv", path = "directo



$ kaggle_download(dataset = "nombre_del_conjunto_de_datos_o_competición", file = "nombre_del_archivo_a_descargar.csv", path = "direct



$ kaggle_download(dataset = "nombre_del_conjunto_de_datos_o_competición", file = "nombre_del_archivo_a_descargar.csv", path = "direc



$ kaggle_download(dataset = "nombre_del_conjunto_de_datos_o_competición", file = "nombre_del_archivo_a_descargar.csv", path = "dire



$ kaggle_download(dataset = "nombre_del_conjunto_de_datos_o_competición", file = "nombre_del_archivo_a_descargar.csv", path = "dir



$ kaggle_download(dataset = "nombre_del_conjunto_de_datos_o_competición", file = "nombre_del_archivo_a_descargar.csv", path = "di



$ kaggle_download(dataset = "nombre_del_conjunto_de_datos_o_competición", file = "nombre_del_archivo_a_descargar.csv", path = "d



$ kaggle_download(dataset = "nombre_del_conjunto_de_datos_o_competición", file = "nombre_del_archivo_a_descargar.csv", path = "



$ kaggle_download(dataset = "nombre_del_conjunto_de_datos_o_competición", file = "nombre_del_archivo_a_descargar.csv", path =



$ kaggle_download(dataset = "nombre_del_conjunto_de_datos_o_competición", file = "nombre_del_archivo_a_descargar.csv", path



$ kaggle_download(dataset = "nombre_del_conjunto_de_datos_o_competición", file = "nombre_del_archivo_a_descargar.csv", pat



$ kaggle_download(dataset = "nombre_del_conjunto_de_datos_o_competición", file = "nombre_del_archivo_a_descargar.csv", pa



$ kaggle_download(dataset = "nombre_del_conjunto_de_datos_o_competición", file = "nombre_del_archivo_a_descargar.csv", p



$ kaggle_download(dataset = "nombre_del_conjunto_de_datos_o_competición", file = "nombre_del_archivo_a_descargar.csv",



$ kaggle_download(dataset = "nombre_del_conjunto_de_datos_o_competición", file = "nombre_del_archivo_a_descargar.csv"



$ kaggle_download(dataset = "nombre_del_conjunto_de_datos_o_competición", file = "nombre_del_archivo_a_descargar.csv



$ kaggle_download(dataset = "nombre_del_conjunto_de_datos_o_competición", file = "nombre_del_archivo_a_descargar.cs



$ kaggle_download(dataset = "nombre_del_conjunto_de_datos_o_competición", file = "nombre_del_archivo_a_descargar.c



$ kaggle_download(dataset = "nombre_del_conjunto_de_datos_o_competición", file = "nombre_del_archivo_a_descargar



$ kaggle_download(dataset = "nombre_del_conjunto_de_datos_o_competición", file = "nombre_del_archivo_a_descarga



$ kaggle_download(dataset = "nombre_del_conjunto_de_datos_o_competición", file = "nombre_del_archivo_a_descarg



$ kaggle_download(dataset = "nombre_del_conjunto_de_datos_o_competición", file = "nombre_del_archivo_a_descar



$ kaggle_download(dataset = "nombre_del_conjunto_de_datos_o_competición", file = "nombre_del_archivo_a_desca



$ kaggle_download(dataset = "nombre_del_conjunto_de_datos_o_competición", file = "nombre_del_archivo_a_desc



$ kaggle_download(dataset = "nombre_del_conjunto_de_datos_o_competición", file = "nombre_del_archivo_a_des



$ kaggle_download(dataset = "nombre_del_conjunto_de_datos_o_competición", file = "nombre_del_archivo_a_de



$ kaggle_download(dataset = "nombre_del_conjunto_de_datos_o_competición", file = "nombre_del_archivo_a_d



$ kaggle_download(dataset = "nombre_del_conjunto_de_datos_o_competición", file = "nombre_del_archivo_a_



$ kaggle_download(dataset = "nombre_del_conjunto_de_datos_o_competición", file = "nombre_del_archivo_a



$ kaggle_download(dataset = "nombre_del_conjunto_de_datos_o_competición", file = "nombre_del_archivo_



$ kaggle_download(dataset = "nombre_del_conjunto_de_datos_o_competición", file = "nombre_del_archivo



$ kaggle_download(dataset = "nombre_del_conjunto_de_datos_o_competición", file = "nombre_del_archi



$ kaggle_download(dataset = "nombre_del_conjunto_de_datos_o_competición", file = "nombre_del_arc



$ kaggle_download(dataset = "nombre_del_conjunto_de_datos_o_competición", file = "nombre_del_ar



$ kaggle_download(dataset = "nombre_del_conjunto_de_datos_o_competición", file = "nombre_del_



$ kaggle_download(dataset = "nombre_del_conjunto_de_datos_o_competición", file = "nombre_del



$ kaggle_download(dataset = "nombre_del_conjunto_de_datos_o_competición", file = "nombre_de



$ kaggle_download(dataset = "nombre_del_conjunto_de_datos_o_competición", file = "nombre_d



$ kaggle_download(dataset = "nombre_del_conjunto_de_datos_o_competición", file = "nombre_



$ kaggle_download(dataset = "nombre_del_conjunto_de_datos_o_competición", file = "nombre



$ kaggle_download(dataset = "nombre_del_conjunto_de_datos_o_competición", file = "nombr



$ kaggle_download(dataset = "nombre_del_conjunto_de_datos_o_competición", file = "nomb



$ kaggle_download(dataset = "nombre_del_conjunto_de_datos_o_competición", file = "nom



$ kaggle_download(dataset = "nombre_del_conjunto_de_datos_o_competición", file = "no



$ kaggle_download(dataset = "nombre_del_conjunto_de_datos_o_competición", file = "n



$ kaggle_download(dataset = "nombre_del_conjunto_de_datos_o_competición", file = "



$ kaggle_download(dataset = "nombre_del_conjunto_de_datos_o_competición", file =



$ kaggle_download(dataset = "nombre_del_conjunto_de_datos_o_competición", file



$ kaggle_download(dataset = "nombre_del_conjunto_de_datos_o_competición", fil



$ kaggle_download(dataset = "nombre_del_conjunto_de_datos_o_competición", f



$ kaggle_download(dataset = "nombre_del_conjunto_de_datos_o_competición",



$ kaggle_download(dataset = "nombre_del_conjunto_de_datos_o_competición"



$ kaggle_download(dataset = "nombre_del_conjunto_de_datos_o_competició



$ kaggle_download(dataset = "nombre_del_conjunto_de_datos_o_competici



$ kaggle_download(dataset = "nombre_del_conjunto_de_datos_o_competic



$ kaggle_download(dataset = "nombre_del_conjunto_de_datos_o_competi



$ kaggle_download(dataset = "nombre_del_conjunto_de_datos_o_compet



$ kaggle_download(dataset = "nombre_del_conjunto_de_datos_o_compe



$ kaggle_download(dataset = "nombre_del_conjunto_de_datos_o_comp



$ kaggle_download(dataset = "nombre_del_conjunto_de_datos_o_co



$ kaggle_download(dataset = "nombre_del_conjunto_de_datos_o_c



$ kaggle_download(dataset = "nombre_del_conjunto_de_datos_o



$ kaggle_download(dataset = "nombre_del_conjunto_de_datos_



$ kaggle_download(dataset = "nombre_del_conjunto_de_datos



$ kaggle_download(dataset = "nombre_del_conjunto_de_dato



$ kaggle_download(dataset = "nombre_del_conjunto_de_dat



$ kaggle_download(dataset = "nombre_del_conjunto_de_da



$ kaggle_download(dataset = "nombre_del_conjunto_de_d



$ kaggle_download(dataset = "nombre_del_conjunto_de_



$ kaggle_download(dataset = "nombre_del_conjunto_de



$ kaggle_download(dataset = "nombre_del_conjunto_d



$ kaggle_download(dataset = "nombre_del_conjunto



$ kaggle_download(dataset = "nombre_del_conjunt



$ kaggle_download(dataset = "nombre_del_conjun



$ kaggle_download(dataset = "nombre_del_conj



$ kaggle_download(dataset = "nombre_del_co



$ kaggle_download(dataset = "nombre_del_



$ kaggle_download(dataset = "nombre_del



$ kaggle_download(dataset = "nombre_de



$ kaggle_download(dataset = "nombre_



$ kaggle_download(dataset = "nombre



$ kaggle_download(dataset = "nombr



$ kaggle_download(dataset = "nomb



$ kaggle_download(dataset = "nom



$ kaggle_download(dataset = "no



$ kaggle_download(dataset = "n



$ kaggle_download(dataset = "



$ kaggle_download(dataset = "kaggle_download(dataset = "nombre_del_conjunto_de_datos_o_competición", file = "nombre_del_archivo_a_desca
rgar.csv", path = "directorio_de_destino")


rgar.csv", path = "directorio_de_destino"


rgar.csv", path = "directorio_de_destino


rgar.csv", path = "directorio_de_destin


rgar.csv", path = "directorio_de_desti


rgar.csv", path = "directorio_de_dest


rgar.csv", path = "directorio_de_des


rgar.csv", path = "directorio_de_de


rgar.csv", path = "directorio_de_d


rgar.csv", path = "directorio_de_


rgar.csv", path = "directorio_de


rgar.csv", path = "directorio_


rgar.csv", path = "directorio


rgar.csv", path = "directori


rgar.csv", path = "director


rgar.csv", path = "directo


rgar.csv", path = "direc


rgar.csv", path = "dir


rgar.csv", path = "d


rgar.csv", path = "


rgar.csv", path =


rgar.csv", path


rgar.csv", pat


rgar.csv", pa


rgar.csv", p


rgar.csv",


rgar.csv


rgar.cs


rgar.c


rgar.


rga


rg


r





$ kaggle_download(dataset = "kaggle_download(dataset = "nombre_del_conjunto_de_datos_o_competición", file = "nombre_del_archivo_a_desc



$ kaggle_download(dataset = "kaggle_download(dataset = "nombre_del_conjunto_de_datos_o_competición", file = "nombre_del_archivo_a_des



$ kaggle_download(dataset = "kaggle_download(dataset = "nombre_del_conjunto_de_datos_o_competición", file = "nombre_del_archivo_a_de



$ kaggle_download(dataset = "kaggle_download(dataset = "nombre_del_conjunto_de_datos_o_competición", file = "nombre_del_archivo_a_d



$ kaggle_download(dataset = "kaggle_download(dataset = "nombre_del_conjunto_de_datos_o_competición", file = "nombre_del_archivo_a_



$ kaggle_download(dataset = "kaggle_download(dataset = "nombre_del_conjunto_de_datos_o_competición", file = "nombre_del_archivo_



$ kaggle_download(dataset = "kaggle_download(dataset = "nombre_del_conjunto_de_datos_o_competición", file = "nombre_del_archivo



$ kaggle_download(dataset = "kaggle_download(dataset = "nombre_del_conjunto_de_datos_o_competición", file = "nombre_del_archi



$ kaggle_download(dataset = "kaggle_download(dataset = "nombre_del_conjunto_de_datos_o_competición", file = "nombre_del_arch



$ kaggle_download(dataset = "kaggle_download(dataset = "nombre_del_conjunto_de_datos_o_competición", file = "nombre_del_arc



$ kaggle_download(dataset = "kaggle_download(dataset = "nombre_del_conjunto_de_datos_o_competición", file = "nombre_del_ar



$ kaggle_download(dataset = "kaggle_download(dataset = "nombre_del_conjunto_de_datos_o_competición", file = "nombre_del_a



$ kaggle_download(dataset = "kaggle_download(dataset = "nombre_del_conjunto_de_datos_o_competición", file = "nombre_del_



$ kaggle_download(dataset = "kaggle_download(dataset = "nombre_del_conjunto_de_datos_o_competición", file = "nombre_del



$ kaggle_download(dataset = "kaggle_download(dataset = "nombre_del_conjunto_de_datos_o_competición", file = "nombre_de



$ kaggle_download(dataset = "kaggle_download(dataset = "nombre_del_conjunto_de_datos_o_competición", file = "nombre_d



$ kaggle_download(dataset = "kaggle_download(dataset = "nombre_del_conjunto_de_datos_o_competición", file = "nombre_



$ kaggle_download(dataset = "kaggle_download(dataset = "nombre_del_conjunto_de_datos_o_competición", file = "no



$ kaggle_download(dataset = "kaggle_download(dataset = "nombre_del_conjunto_de_datos_o_competición", file = "n



$ kaggle_download(dataset = "kaggle_download(dataset = "nombre_del_conjunto_de_datos_o_competición", file = "



$ kaggle_download(dataset = "kaggle_download(dataset = "nombre_del_conjunto_de_datos_o_competición", file =



$ kaggle_download(dataset = "kaggle_download(dataset = "nombre_del_conjunto_de_datos_o_competición", file



$ kaggle_download(dataset = "kaggle_download(dataset = "nombre_del_conjunto_de_datos_o_competición", fi



$ kaggle_download(dataset = "kaggle_download(dataset = "nombre_del_conjunto_de_datos_o_competición", f



$ kaggle_download(dataset = "kaggle_download(dataset = "nombre_del_conjunto_de_datos_o_competición",



$ kaggle_download(dataset = "kaggle_download(dataset = "nombre_del_conjunto_de_datos_o_competición"



$ kaggle_download(dataset = "kaggle_download(dataset = "nombre_del_conjunto_de_datos_o_competición



$ kaggle_download(dataset = "kaggle_download(dataset = "nombre_del_conjunto_de_datos_o_competici



$ kaggle_download(dataset = "kaggle_download(dataset = "nombre_del_conjunto_de_datos_o_competic



$ kaggle_download(dataset = "kaggle_download(dataset = "nombre_del_conjunto_de_datos_o_competi



$ kaggle_download(dataset = "kaggle_download(dataset = "nombre_del_conjunto_de_datos_o_compet



$ kaggle_download(dataset = "kaggle_download(dataset = "nombre_del_conjunto_de_datos_o_compe



$ kaggle_download(dataset = "kaggle_download(dataset = "nombre_del_conjunto_de_datos_o_comp



$ kaggle_download(dataset = "kaggle_download(dataset = "nombre_del_conjunto_de_datos_o_co



$ kaggle_download(dataset = "kaggle_download(dataset = "nombre_del_conjunto_de_datos_o_c



$ kaggle_download(dataset = "kaggle_download(dataset = "nombre_del_conjunto_de_datos_o_



$ kaggle_download(dataset = "kaggle_download(dataset = "nombre_del_conjunto_de_datos_o



$ kaggle_download(dataset = "kaggle_download(dataset = "nombre_del_conjunto_de_datos_



$ kaggle_download(dataset = "kaggle_download(dataset = "nombre_del_conjunto_de_datos



$ kaggle_download(dataset = "kaggle_download(dataset = "nombre_del_conjunto_de_dato



$ kaggle_download(dataset = "kaggle_download(dataset = "nombre_del_conjunto_de_dat



$ kaggle_download(dataset = "kaggle_download(dataset = "nombre_del_conjunto_de_da



$ kaggle_download(dataset = "kaggle_download(dataset = "nombre_del_conjunto_de_d



$ kaggle_download(dataset = "kaggle_download(dataset = "nombre_del_conjunto_de_



$ kaggle_download(dataset = "kaggle_download(dataset = "nombre_del_conjunto_de



$ kaggle_download(dataset = "kaggle_download(dataset = "nombre_del_conjunto_d



$ kaggle_download(dataset = "kaggle_download(dataset = "nombre_del_conjunto_



$ kaggle_download(dataset = "kaggle_download(dataset = "nombre_del_conjunto



$ kaggle_download(dataset = "kaggle_download(dataset = "nombre_del_conjunt



$ kaggle_download(dataset = "kaggle_download(dataset = "nombre_del_conjun



$ kaggle_download(dataset = "kaggle_download(dataset = "nombre_del_conj



$ kaggle_download(dataset = "kaggle_download(dataset = "nombre_del_con



$ kaggle_download(dataset = "kaggle_download(dataset = "nombre_del_co



$ kaggle_download(dataset = "kaggle_download(dataset = "nombre_del_



$ kaggle_download(dataset = "kaggle_download(dataset = "nombre_del



$ kaggle_download(dataset = "kaggle_download(dataset = "nombre_de



$ kaggle_download(dataset = "kaggle_download(dataset = "nombre_d



$ kaggle_download(dataset = "kaggle_download(dataset = "nombre



$ kaggle_download(dataset = "kaggle_download(dataset = "nombr



$ kaggle_download(dataset = "kaggle_download(dataset = "nom



$ kaggle_download(dataset = "kaggle_download(dataset = "n



$ kaggle_download(dataset = "kaggle_download(dataset = "



$ kaggle_download(dataset = "kaggle_download(dataset =



$ kaggle_download(dataset = "kaggle_download(dataset



$ kaggle_download(dataset = "kaggle_download(datase



$ kaggle_download(dataset = "kaggle_download(data



$ kaggle_download(dataset = "kaggle_download(dat



$ kaggle_download(dataset = "kaggle_download(d



$ kaggle_download(dataset = "kaggle_download(



$ kaggle_download(dataset = "kaggle_downloa



$ kaggle_download(dataset = "kaggle_downlo



$ kaggle_download(dataset = "kaggle_downl



$ kaggle_download(dataset = "kaggle_dow



$ kaggle_download(dataset = "kaggle_do



$ kaggle_download(dataset = "kaggle_d



$ kaggle_download(dataset = "kaggle_



$ kaggle_download(dataset = "kaggle



$ kaggle_download(dataset = "kaggl



$ kaggle_download(dataset = "kagg



$ kaggle_download(dataset = "kag



$ kaggle_download(dataset = "ka



$ kaggle_download(dataset = "k



$ kaggle_download(dataset = "



$ kaggle_download(dataset =



$ kaggle_download(dataset = "



$ kaggle_download(dataset = "Gas Prices in Brazil



$ kaggle_download(dataset = "Gas Prices in Brazil"



$ kaggle_download(dataset = "Gas Prices in Brazil")



bash: syntax error near unexpected token `dataset'

gamer@LAPTOP-R3OPQ0IK MINGW64 ~/LPE_2023/LPE_2023/lep22062293 (pregunta1)
$
$ kaggle_download(dataset = "dataset-example", file = "example.csv", path = getwd())Gas Prices in Brazil
$ kaggle_download(dataset = "dataset-example", file = "example.csv", path = getwd())Gas Prices in Brazi
$ kaggle_download(dataset = "dataset-example", file = "example.csv", path = getwd())Gas Prices in Braz
$ kaggle_download(dataset = "dataset-example", file = "example.csv", path = getwd())Gas Prices in Bra
$ kaggle_download(dataset = "dataset-example", file = "example.csv", path = getwd())Gas Prices in Br
$ kaggle_download(dataset = "dataset-example", file = "example.csv", path = getwd())Gas Prices in B
$ kaggle_download(dataset = "dataset-example", file = "example.csv", path = getwd())Gas Prices in
$ kaggle_download(dataset = "dataset-example", file = "example.csv", path = getwd())Gas Prices i
$ kaggle_download(dataset = "dataset-example", file = "example.csv", path = getwd())Gas Prices
$ kaggle_download(dataset = "dataset-example", file = "example.csv", path = getwd())Gas Price
$ kaggle_download(dataset = "dataset-example", file = "example.csv", path = getwd())Gas Pric
$ kaggle_download(dataset = "dataset-example", file = "example.csv", path = getwd())Gas Pri
$ kaggle_download(dataset = "dataset-example", file = "example.csv", path = getwd())Gas Pr
$ kaggle_download(dataset = "dataset-example", file = "example.csv", path = getwd())Gas P
$ kaggle_download(dataset = "dataset-example", file = "example.csv", path = getwd())Gas
$ kaggle_download(dataset = "dataset-example", file = "example.csv", path = getwd())Ga
$ kaggle_download(dataset = "dataset-example", file = "example.csv", path = getwd())G
$ kaggle_download(dataset = "dataset-example", file = "example.csv", path = getwd())
$ kaggle_download(dataset = "dataset-exampe", file = "example.csv", path = getwd())
$ kaggle_download(dataset = "dataset-exame", file = "example.csv", path = getwd())
$ kaggle_download(dataset = "dataset-exam", file = "example.csv", path = getwd())
$ kaggle_download(dataset = "dataset-exa", file = "example.csv", path = getwd())
$ kaggle_download(dataset = "dataset-ex", file = "example.csv", path = getwd())
$ kaggle_download(dataset = "dataset-e", file = "example.csv", path = getwd())
$ kaggle_download(dataset = "dataset-", file = "example.csv", path = getwd())
$ kaggle_download(dataset = "dataset", file = "example.csv", path = getwd())
$ kaggle_download(dataset = "datase", file = "example.csv", path = getwd())
$ kaggle_download(dataset = "datas", file = "example.csv", path = getwd())
$ kaggle_download(dataset = "data", file = "example.csv", path = getwd())
$ kaggle_download(dataset = "dat", file = "example.csv", path = getwd())
$ kaggle_download(dataset = "da", file = "example.csv", path = getwd())
$ kaggle_download(dataset = "d", file = "example.csv", path = getwd())
$ kaggle_download(dataset = "", file = "example.csv", path = getwd())
$ kaggle_download(dataset = "Gas Prices in Brazil", file = "example.csv", path = getwd())
$ kaggle_download(dataset = "Gas Prices in Brazil", file = "xample.csv", path = getwd())
$ kaggle_download(dataset = "Gas Prices in Brazil", file = "ample.csv", path = getwd())
$ kaggle_download(dataset = "Gas Prices in Brazil", file = "mple.csv", path = getwd())
$ kaggle_download(dataset = "Gas Prices in Brazil", file = "ple.csv", path = getwd())
$ kaggle_download(dataset = "Gas Prices in Brazil", file = "le.csv", path = getwd())
$ kaggle_download(dataset = "Gas Prices in Brazil", file = "e.csv", path = getwd())
$ kaggle_download(dataset = "Gas Prices in Brazil", file = ".csv", path = getwd())
$ kaggle_download(dataset = "Gas Prices in Brazil", file = "Gas Prices in Brazil.csv", path = getwd())
bash: syntax error near unexpected token `dataset'

gamer@LAPTOP-R3OPQ0IK MINGW64 ~/LPE_2023/LPE_2023/lep22062293 (pregunta1)
$
$ kaggle datasets download matheusfreitag/gas-prices-in-brazil -p /ruta/de/destino
Traceback (most recent call last):
  File "C:\Users\gamer\anaconda\lib\runpy.py", line 197, in _run_module_as_main
    return _run_code(code, main_globals, None,
  File "C:\Users\gamer\anaconda\lib\runpy.py", line 87, in _run_code
    exec(code, run_globals)
  File "C:\Users\gamer\anaconda\Scripts\kaggle.exe\__main__.py", line 7, in <module>
  File "C:\Users\gamer\anaconda\lib\site-packages\kaggle\cli.py", line 70, in main
    out = args.func(**command_args)
  File "C:\Users\gamer\anaconda\lib\site-packages\kaggle\api\kaggle_api_extended.py", line 1493, in dataset_download_cli
    self.dataset_download_files(dataset,
  File "C:\Users\gamer\anaconda\lib\site-packages\kaggle\api\kaggle_api_extended.py", line 1447, in dataset_download_files
    self.download_file(response, outfile, quiet, not force)
  File "C:\Users\gamer\anaconda\lib\site-packages\kaggle\api\kaggle_api_extended.py", line 1833, in download_file
    os.makedirs(outpath)
  File "C:\Users\gamer\anaconda\lib\os.py", line 215, in makedirs
    makedirs(head, exist_ok=exist_ok)
  File "C:\Users\gamer\anaconda\lib\os.py", line 215, in makedirs
    makedirs(head, exist_ok=exist_ok)
  File "C:\Users\gamer\anaconda\lib\os.py", line 225, in makedirs
    mkdir(name, mode)
PermissionError: [WinError 5] Acceso denegado: 'C:/Program Files/Git/ruta'

gamer@LAPTOP-R3OPQ0IK MINGW64 ~/LPE_2023/LPE_2023/lep22062293 (pregunta1)
$
$ kaggle datasets download matheusfreitag/gas-prices-in-brazil -p /ruta/de/destino
$ kaggle datasets download matheusfreitag/gas-prices-in-brazil -p /ruta/de/destin
$ kaggle datasets download matheusfreitag/gas-prices-in-brazil -p /ruta/de/desti
$ kaggle datasets download matheusfreitag/gas-prices-in-brazil -p /ruta/de/dest
$ kaggle datasets download matheusfreitag/gas-prices-in-brazil -p /ruta/de/des
$ kaggle datasets download matheusfreitag/gas-prices-in-brazil -p /ruta/de/de
$ kaggle datasets download matheusfreitag/gas-prices-in-brazil -p /ruta/de/
$ kaggle datasets download matheusfreitag/gas-prices-in-brazil -p /ruta/de
$ kaggle datasets download matheusfreitag/gas-prices-in-brazil -p /ruta/d
$ kaggle datasets download matheusfreitag/gas-prices-in-brazil -p /ruta/
$ kaggle datasets download matheusfreitag/gas-prices-in-brazil -p /ruta
$ kaggle datasets download matheusfreitag/gas-prices-in-brazil -p /rut
$ kaggle datasets download matheusfreitag/gas-prices-in-brazil -p /ru
$ kaggle datasets download matheusfreitag/gas-prices-in-brazil -p /r
$ kaggle datasets download matheusfreitag/gas-prices-in-brazil -p /C:\Users\gamer\.kaggle
Downloading gas-prices-in-brazil.zip to C:Usersgamer.kaggle
  0%|                                                                                                     | 0.00/3.08M [00:00<?, ?B/s]
 32%|█████████████████████████████▊                                                              | 1.00M/3.08M [00:00<00:01, 1.14MB/s]
 65%|███████████████████████████████████████████████████████████▋                                | 2.00M/3.08M [00:01<00:00, 1.58MB/s]
 97%|█████████████████████████████████████████████████████████████████████████████████████████▌  | 3.00M/3.08M [00:01<00:00, 1.75MB/s]
100%|████████████████████████████████████████████████████████████████████████████████████████████| 3.08M/3.08M [00:01<00:00, 1.64MB/s]

gamer@LAPTOP-R3OPQ0IK MINGW64 ~/LPE_2023/LPE_2023/lep22062293 (pregunta1)
$

gamer@LAPTOP-R3OPQ0IK MINGW64 ~/LPE_2023/LPE_2023/lep22062293 (pregunta1)
$
$ kaggle datasets download matheusfreitag/gas-prices-in-brazil -p /C:\Users\gamer\.kaggle
gas-prices-in-brazil.zip: Skipping, found more recently modified local copy (use --force to force download)

gamer@LAPTOP-R3OPQ0IK MINGW64 ~/LPE_2023/LPE_2023/lep22062293 (pregunta1)
$
$ --force
bash: --force: command not found

gamer@LAPTOP-R3OPQ0IK MINGW64 ~/LPE_2023/LPE_2023/lep22062293 (pregunta1)
$
$ kaggle datasets download matheusfreitag/gas-prices-in-brazil -p /C:\Users\gamer\.kaggle
$ kaggle datasets download matheusfreitag/gas-prices-in-brazil -p /C:\Users\gamer\.kaggle --froce
$ kaggle datasets download matheusfreitag/gas-prices-in-brazil -p /C:\Users\gamer\.kaggle --froc
$ kaggle datasets download matheusfreitag/gas-prices-in-brazil -p /C:\Users\gamer\.kaggle --fro
$ kaggle datasets download matheusfreitag/gas-prices-in-brazil -p /C:\Users\gamer\.kaggle --fr
$ kaggle datasets download matheusfreitag/gas-prices-in-brazil -p /C:\Users\gamer\.kaggle --f
$ kaggle datasets download matheusfreitag/gas-prices-in-brazil -p /C:\Users\gamer\.kaggle --force
Downloading gas-prices-in-brazil.zip to C:Usersgamer.kaggle
  0%|                                                                                                     | 0.00/3.08M [00:00<?, ?B/s]
 32%|█████████████████████████████▊                                                              | 1.00M/3.08M [00:00<00:01, 1.41MB/s]
 65%|███████████████████████████████████████████████████████████▋                                | 2.00M/3.08M [00:01<00:00, 1.71MB/s]
 97%|█████████████████████████████████████████████████████████████████████████████████████████▌  | 3.00M/3.08M [00:01<00:00, 1.80MB/s]
100%|████████████████████████████████████████████████████████████████████████████████████████████| 3.08M/3.08M [00:01<00:00, 1.72MB/s]

gamer@LAPTOP-R3OPQ0IK MINGW64 ~/LPE_2023/LPE_2023/lep22062293 (pregunta1)
$

gamer@LAPTOP-R3OPQ0IK MINGW64 ~/LPE_2023/LPE_2023/lep22062293 (pregunta1)
$
$ kaggle datasets download matheusfreitag/gas-prices-in-brazil -p /C:\Users\gamer\.kaggle --force
$ --force
$ kaggle datasets download matheusfreitag/gas-prices-in-brazil -p /C:\Users\gamer\.kaggle --force
$ --force
$ kaggle datasets download matheusfreitag/gas-prices-in-brazil -p /C:\Users\gamer\.kaggle
$ kaggle datasets download matheusfreitag/gas-prices-in-brazil -p /C:\Users\gamer\.kaggl
$ kaggle datasets download matheusfreitag/gas-prices-in-brazil -p /C:\Users\gamer\.kagg
$ kaggle datasets download matheusfreitag/gas-prices-in-brazil -p /C:\Users\gamer\.kag
$ kaggle datasets download matheusfreitag/gas-prices-in-brazil -p /C:\Users\gamer\.ka
$ kaggle datasets download matheusfreitag/gas-prices-in-brazil -p /C:\Users\gamer\.k
$ kaggle datasets download matheusfreitag/gas-prices-in-brazil -p /C:\Users\gamer\.
$ kaggle datasets download matheusfreitag/gas-prices-in-brazil -p /C:\Users\gamer\
$ kaggle datasets download matheusfreitag/gas-prices-in-brazil -p /C:\Users\gamer
$ kaggle datasets download matheusfreitag/gas-prices-in-brazil -p /C:\Users\game
$ kaggle datasets download matheusfreitag/gas-prices-in-brazil -p /C:\Users\gam
$ kaggle datasets download matheusfreitag/gas-prices-in-brazil -p /C:\Users\ga
$ kaggle datasets download matheusfreitag/gas-prices-in-brazil -p /C:\Users\g
$ kaggle datasets download matheusfreitag/gas-prices-in-brazil -p /C:\Users\
$ kaggle datasets download matheusfreitag/gas-prices-in-brazil -p /C:\Users
$ kaggle datasets download matheusfreitag/gas-prices-in-brazil -p /C:\User
$ kaggle datasets download matheusfreitag/gas-prices-in-brazil -p /C:\Use
$ kaggle datasets download matheusfreitag/gas-prices-in-brazil -p /C:\Us
$ kaggle datasets download matheusfreitag/gas-prices-in-brazil -p /C:\U
$ kaggle datasets download matheusfreitag/gas-prices-in-brazil -p /C:\
$ kaggle datasets download matheusfreitag/gas-prices-in-brazil -p /C:
$ kaggle datasets download matheusfreitag/gas-prices-in-brazil -p /C
$ kaggle datasets download matheusfreitag/gas-prices-in-brazil -p /
$ kaggle datasets download matheusfreitag/gas-prices-in-brazil -p
$ kaggle datasets download matheusfreitag/gas-prices-in-brazil -
$ kaggle datasets download matheusfreitag/gas-prices-in-brazil
$ kaggle datasets download matheusfreitag/gas-prices-in-brazi
$ kaggle datasets download matheusfreitag/gas-prices-in-brazil
Downloading gas-prices-in-brazil.zip to C:\Users\gamer\LPE_2023\LPE_2023\lep22062293
  0%|                                                                                                     | 0.00/3.08M [00:00<?, ?B/s]
 32%|█████████████████████████████▊                                                              | 1.00M/3.08M [00:00<00:01, 1.39MB/s]
 65%|███████████████████████████████████████████████████████████▋                                | 2.00M/3.08M [00:01<00:00, 1.61MB/s]
 97%|█████████████████████████████████████████████████████████████████████████████████████████▌  | 3.00M/3.08M [00:01<00:00, 1.79MB/s]
100%|████████████████████████████████████████████████████████████████████████████████████████████| 3.08M/3.08M [00:01<00:00, 1.73MB/s]

gamer@LAPTOP-R3OPQ0IK MINGW64 ~/LPE_2023/LPE_2023/lep22062293 (pregunta1)
$
$ ls
gas-prices-in-brazil.zip  Usersgamer.kaggle/

gamer@LAPTOP-R3OPQ0IK MINGW64 ~/LPE_2023/LPE_2023/lep22062293 (pregunta1)
$

gamer@LAPTOP-R3OPQ0IK MINGW64 ~/LPE_2023/LPE_2023/lep22062293 (pregunta1)
$
$ pwd
/c/Users/gamer/LPE_2023/LPE_2023/lep22062293

gamer@LAPTOP-R3OPQ0IK MINGW64 ~/LPE_2023/LPE_2023/lep22062293 (pregunta1)
$
$ kaggle datasets list -s gas
$ kaggle datasets list -s ga
$ kaggle datasets list -s g
$ kaggle datasets list -s
$ kaggle datasets list -s España
ref                                                             title                                         size  lastUpdated
  downloadCount  voteCount  usabilityRating
--------------------------------------------------------------  -------------------------------------------  -----  -------------------
  -------------  ---------  ---------------
ricardomoya/tweets-poltica-espaa                                Tweets Política España                        24MB  2023-03-23 12:58:51
            236          7  1.0
nicholasjhana/energy-consumption-generation-prices-and-weather  Hourly energy demand generation and weather    4MB  2019-10-10 14:02:37
          20118        331  1.0
josepblasco/hidro-data                                          Precipitaciones en España �️                  11MB  2023-03-13 20:48:0
1            129          7  1.0
fcojavt/municipios-spain                                        Municipios de España                         224KB  2020-05-18 15:35:15
            181          7  0.7058824
pierorubini/vuelta-a-espana                                     Vuelta a España (2001 - 2022)                971KB  2023-01-20 03:39:58
             80          5  0.9411765
datashyends/programas10n                                        Programas Elecciones España 10-N 2019        228KB  2019-11-10 17:11:33
             39          1  1.0
xaxipirulazo/red-electrica-espaola-consumo-y-precios            Red Electrica De España                      308KB  2020-03-26 14:40:32
             65          3  0.4117647
datamarket/movilidad-de-personas                                Movilidad de personas                         32MB  2021-02-05 08:49:55
            214          7  1.0
amerono/ciudades-para-teletrabajar-en-espaa                     Ciudades para teletrabajar en España           6KB  2023-04-09 11:53:53
             66          6  0.5294118
datamarket/productos-de-supermercados                           Productos de supermercados                    19MB  2021-02-17 08:36:55
           1106         16  0.9411765
miguelalfr/empleo-espaa                                         Empleo España                                  7MB  2023-06-12 22:09:34
             67          0  1.0
mikelmoli/municipal-postal-codes-spain-cdigos-postales          Municipal Postal Codes of Spain              394KB  2022-02-26 11:40:14
             59         10  0.7647059
datamarket/noticias-economicas                                  Noticias Económicas                           16MB  2021-02-09 18:42:15
            112          7  0.9411765
datamarket/viajes-en-tren                                       Viajes en tren                                34MB  2021-02-09 18:57:10
            330          7  0.9411765
datamarket/ofertas-de-mvil-fibra-y-tv                           Ofertas de móvil, fibra y TV                  12KB  2021-02-11 17:46:13
             60          5  0.9411765
datamarket/ofertas-de-trabajo                                   Ofertas de empleo                            189KB  2021-05-19 16:56:11
            201          6  0.9411765
jessemostipak/tour-de-france-winners                            Tour de France Winners                         2MB  2020-04-07 15:13:22
            569         11  1.0
datamarket/catastro                                             Catastro                                       3MB  2021-09-01 07:24:06
             72          6  0.9411765
sszbigdata/pib-y-paro-en-espaa                                  PIB y paro en España                          852B  2018-09-14 12:22:16
            178          1  0.75
jersey33/datos-elecciones-generales-19962016                    Datos elecciones generales 1996-2016 España    9KB  2018-11-16 13:23:48
            192          6  0.23529412

gamer@LAPTOP-R3OPQ0IK MINGW64 ~/LPE_2023/LPE_2023/lep22062293 (pregunta1)
$
$ V
$
$ kaggle datasets download matheusfreitag/gas-prices-in-brazil -p /C:\Users\gamer\.kaggle
$ kaggle datasets download matheusfreitag/gas-prices-in-brazil -p /C:\Users\gamer\.kaggl
$ kaggle datasets download matheusfreitag/gas-prices-in-brazil -p /C:\Users\gamer\.kagg
$ kaggle datasets download matheusfreitag/gas-prices-in-brazil -p /C:\Users\gamer\.kag
$ kaggle datasets download matheusfreitag/gas-prices-in-brazil -p /C:\Users\gamer\.ka
$ kaggle datasets download matheusfreitag/gas-prices-in-brazil -p /C:\Users\gamer\.k
$ kaggle datasets download matheusfreitag/gas-prices-in-brazil -p /C:\Users\gamer\.
$ kaggle datasets download matheusfreitag/gas-prices-in-brazil -p /C:\Users\gamer\
$ kaggle datasets download matheusfreitag/gas-prices-in-brazil -p /C:\Users\gamer
$ kaggle datasets download matheusfreitag/gas-prices-in-brazil -p /C:\Users\game
$ kaggle datasets download matheusfreitag/gas-prices-in-brazil -p /C:\Users\gam
$ kaggle datasets download matheusfreitag/gas-prices-in-brazil -p /C:\Users\ga
$ kaggle datasets download matheusfreitag/gas-prices-in-brazil -p /C:\Users\
$ kaggle datasets download matheusfreitag/gas-prices-in-brazil -p /C:\Users
$ kaggle datasets download matheusfreitag/gas-prices-in-brazil -p /C:\User
$ kaggle datasets download matheusfreitag/gas-prices-in-brazil -p /C:\Us
$ kaggle datasets download matheusfreitag/gas-prices-in-brazil -p /C:\U
$ kaggle datasets download matheusfreitag/gas-prices-in-brazil -p /C:\
$ kaggle datasets download matheusfreitag/gas-prices-in-brazil -p /C:
$ kaggle datasets download matheusfreitag/gas-prices-in-brazil -p /C
$ kaggle datasets download matheusfreitag/gas-prices-in-brazil -p /
$ kaggle datasets download matheusfreitag/gas-prices-in-brazil -p
$ kaggle datasets download matheusfreitag/gas-prices-in-brazil -
$ kaggle datasets download matheusfreitag/gas-prices-in-brazil
$ kaggle datasets download matheusfreitag/gas-prices-in-brazi
$ kaggle datasets download matheusfreitag/gas-prices-in-braz
$ kaggle datasets download matheusfreitag/gas-prices-in-bra
$ kaggle datasets download matheusfreitag/gas-prices-in-br
$ kaggle datasets download matheusfreitag/gas-prices-in-b
$ kaggle datasets download matheusfreitag/gas-prices-in
$ kaggle datasets download matheusfreitag/gas-prices-i
$ kaggle datasets download matheusfreitag/gas-prices-
$ kaggle datasets download matheusfreitag/gas-prices
$ kaggle datasets download matheusfreitag/gas-price
$ kaggle datasets download matheusfreitag/gas-pric
$ kaggle datasets download matheusfreitag/gas-pri
$ kaggle datasets download matheusfreitag/gas-pr
$ kaggle datasets download matheusfreitag/gas-
$ kaggle datasets download matheusfreitag/ga
$ kaggle datasets download matheusfreitag/
$ kaggle datasets download matheusfreita
$ kaggle datasets download matheusfreit
$ kaggle datasets download matheusfrei
$ kaggle datasets download matheusfr
$ kaggle datasets download matheus
$ kaggle datasets download matheu
$ kaggle datasets download mathe
$ kaggle datasets download mat
$ kaggle datasets download ma
$ kaggle datasets download
$ kaggle datasets downloa
$ kaggle datasets downlo
$ kaggle datasets downl
$ kaggle datasets down
$ kaggle datasets do
$ kaggle datasets d
$ kaggle datasets
$ kaggle dataset
$ kaggle datase
$ kaggle datas
$ kaggle data
$ kaggle dat
$ kaggle da
$ kaggle d
$ kaggle
$ kaggl
$ kagg
$ kag
$ ka
$ k
$
$ kaggle datasets list -s España
$ kaggle datasets list -s Españ
$ kaggle datasets list -s Espa
$ kaggle datasets list -s Esp
$ kaggle datasets list -s Es
$ kaggle datasets list -s E
$ kaggle datasets list -s
$ kaggle datasets list -s Coche
ref                                                      title                                      size  lastUpdated          download
Count  voteCount  usabilityRating
-------------------------------------------------------  ----------------------------------------  -----  -------------------  --------
-----  ---------  ---------------
datamarket/venta-de-coches                               Coches de segunda mano                      4MB  2021-02-10 16:32:08
 1012         14  0.9411765
iliazenin/nesp-physicochemical-properties-of-aminoacids  Physicochemical properties of aminoacids    5KB  2022-10-16 17:03:56
   43          8  0.64705884
thedevastator/pre-owned-cars-from-coches-com             Pre-Owned Cars from Coches.com              2MB  2023-02-11 10:56:01
   61          1  0.9411765
beelzabi/crimen-mx                                       Crime rates - Mexico                      951KB  2023-07-22 08:40:23
  168          7  0.9411765
amerono/ciudades-para-teletrabajar-en-espaa              Ciudades para teletrabajar en España        6KB  2023-04-09 11:53:53
   66          6  0.5294118
miguellp/cochesfinalperal1                               cochesfinalperal1                          11MB  2022-12-15 12:40:24
    2          0  0.125
javierduranfernandez/audios-entornos-sonoros             Audios Entornos Sonoros                    51MB  2020-11-16 19:37:10
    9          1  0.125

gamer@LAPTOP-R3OPQ0IK MINGW64 ~/LPE_2023/LPE_2023/lep22062293 (pregunta1)
$
$ kaggle datasets download matheusfreitag/gas-prices-in-brazil
$ kaggle datasets download matheusfreitag/gas-prices-in-brazi
$ kaggle datasets download matheusfreitag/gas-prices-in-braz
$ kaggle datasets download matheusfreitag/gas-prices-in-bra
$ kaggle datasets download matheusfreitag/gas-prices-in-br
$ kaggle datasets download matheusfreitag/gas-prices-in-
$ kaggle datasets download matheusfreitag/gas-prices-i
$ kaggle datasets download matheusfreitag/gas-prices-
$ kaggle datasets download matheusfreitag/gas-prices
$ kaggle datasets download matheusfreitag/gas-pric
$ kaggle datasets download matheusfreitag/gas-pri
$ kaggle datasets download matheusfreitag/gas-pr
$ kaggle datasets download matheusfreitag/gas-p
$ kaggle datasets download matheusfreitag/gas
$ kaggle datasets download matheusfreitag/ga
$ kaggle datasets download matheusfreitag/
$ kaggle datasets download matheusfreitag
$ kaggle datasets download matheusfreita
$ kaggle datasets download matheusfreit
$ kaggle datasets download matheusfrei
$ kaggle datasets download matheusfre
$ kaggle datasets download matheusfr
$ kaggle datasets download matheusf
$ kaggle datasets download matheu
$ kaggle datasets download mathe
$ kaggle datasets download math
$ kaggle datasets download mat
$ kaggle datasets download ma
$ kaggle datasets download m
$ kaggle datasets download
$ kaggle datasets download datamarket/venta-de-coches
Downloading venta-de-coches.zip to C:\Users\gamer\LPE_2023\LPE_2023\lep22062293
  0%|                                                                                                     | 0.00/3.88M [00:00<?, ?B/s]
 26%|███████████████████████▋                                                                    | 1.00M/3.88M [00:00<00:01, 2.07MB/s]
 52%|███████████████████████████████████████████████▍                                            | 2.00M/3.88M [00:00<00:00, 2.23MB/s]
 77%|███████████████████████████████████████████████████████████████████████▏                    | 3.00M/3.88M [00:01<00:00, 1.54MB/s]
100%|████████████████████████████████████████████████████████████████████████████████████████████| 3.88M/3.88M [00:02<00:00, 1.35MB/s]
100%|████████████████████████████████████████████████████████████████████████████████████████████| 3.88M/3.88M [00:02<00:00, 1.50MB/s]

gamer@LAPTOP-R3OPQ0IK MINGW64 ~/LPE_2023/LPE_2023/lep22062293 (pregunta1)
$